---
source: crates/flui-rendering/tests/harness_snapshot.rs
expression: json
---
{
  "format_version": 1,
  "root": {
    "name": "Offset",
    "properties": [
      {
        "name": "dx",
        "value": {
          "Float": 0.0
        },
        "level": "info",
        "kind": {
          "Double": {
            "unit": null
          }
        },
        "show_name": true,
        "show_separator": true
      },
      {
        "name": "dy",
        "value": {
          "Float": 0.0
        },
        "level": "info",
        "kind": {
          "Double": {
            "unit": null
          }
        },
        "show_name": true,
        "show_separator": true
      }
    ],
    "children": [
      {
        "name": "Picture",
        "properties": [
          {
            "name": "bounds",
            "value": {
              "Rect": {
                "x": -4.0,
                "y": -2.0,
                "w": 92.0,
                "h": 72.0
              }
            },
            "level": "info",
            "kind": "Rect",
            "show_name": true,
            "show_separator": true
          },
          {
            "name": "commands",
            "value": {
              "Int": 3
            },
            "level": "info",
            "kind": {
              "Int": {
                "unit": null
              }
            },
            "show_name": true,
            "show_separator": true
          }
        ],
        "children": [
          {
            "name": "DrawCommand",
            "properties": [
              {
                "name": "path_bounds",
                "value": {
                  "Rect": {
                    "x": 2.0,
                    "y": 4.0,
                    "w": 80.0,
                    "h": 60.0
                  }
                },
                "level": "info",
                "kind": "Rect",
                "show_name": true,
                "show_separator": true
              },
              {
                "name": "color",
                "value": {
                  "Color": {
                    "r": 0,
                    "g": 0,
                    "b": 0,
                    "a": 128
                  }
                },
                "level": "info",
                "kind": "Color",
                "show_name": true,
                "show_separator": true
              },
              {
                "name": "elevation",
                "value": {
                  "Float": 6.0
                },
                "level": "info",
                "kind": {
                  "Double": {
                    "unit": null
                  }
                },
                "show_name": true,
                "show_separator": true
              }
            ],
            "children": [],
            "level": "info",
            "style": "sparse"
          },
          {
            "name": "DrawCommand",
            "properties": [
              {
                "name": "rect",
                "value": {
                  "Rect": {
                    "x": 0.0,
                    "y": 0.0,
                    "w": 80.0,
                    "h": 60.0
                  }
                },
                "level": "info",
                "kind": "Rect",
                "show_name": true,
                "show_separator": true
              },
              {
                "name": "color",
                "value": {
                  "Color": {
                    "r": 255,
                    "g": 255,
                    "b": 255,
                    "a": 255
                  }
                },
                "level": "info",
                "kind": "Color",
                "show_name": true,
                "show_separator": true
              },
              {
                "name": "style",
                "value": {
                  "Str": "Fill"
                },
                "level": "info",
                "kind": "Generic",
                "show_name": true,
                "show_separator": true
              }
            ],
            "children": [],
            "level": "info",
            "style": "sparse"
          },
          {
            "name": "DrawCommand",
            "properties": [
              {
                "name": "outer",
                "value": {
                  "Nested": [
                    {
                      "name": "rect",
                      "value": {
                        "Rect": {
                          "x": 0.0,
                          "y": 0.0,
                          "w": 80.0,
                          "h": 60.0
                        }
                      },
                      "level": "info",
                      "kind": "Generic",
                      "show_name": true,
                      "show_separator": true
                    },
                    {
                      "name": "r_tl",
                      "value": {
                        "Float": 0.0
                      },
                      "level": "info",
                      "kind": "Generic",
                      "show_name": true,
                      "show_separator": true
                    },
                    {
                      "name": "r_tr",
                      "value": {
                        "Float": 0.0
                      },
                      "level": "info",
                      "kind": "Generic",
                      "show_name": true,
                      "show_separator": true
                    },
                    {
                      "name": "r_br",
                      "value": {
                        "Float": 0.0
                      },
                      "level": "info",
                      "kind": "Generic",
                      "show_name": true,
                      "show_separator": true
                    },
                    {
                      "name": "r_bl",
                      "value": {
                        "Float": 0.0
                      },
                      "level": "info",
                      "kind": "Generic",
                      "show_name": true,
                      "show_separator": true
                    }
                  ]
                },
                "level": "info",
                "kind": "Generic",
                "show_name": true,
                "show_separator": true
              },
              {
                "name": "inner",
                "value": {
                  "Nested": [
                    {
                      "name": "rect",
                      "value": {
                        "Rect": {
                          "x": 2.0,
                          "y": 2.0,
                          "w": 76.0,
                          "h": 56.0
                        }
                      },
                      "level": "info",
                      "kind": "Generic",
                      "show_name": true,
                      "show_separator": true
                    },
                    {
                      "name": "r_tl",
                      "value": {
                        "Float": 0.0
                      },
                      "level": "info",
                      "kind": "Generic",
                      "show_name": true,
                      "show_separator": true
                    },
                    {
                      "name": "r_tr",
                      "value": {
                        "Float": 0.0
                      },
                      "level": "info",
                      "kind": "Generic",
                      "show_name": true,
                      "show_separator": true
                    },
                    {
                      "name": "r_br",
                      "value": {
                        "Float": 0.0
                      },
                      "level": "info",
                      "kind": "Generic",
                      "show_name": true,
                      "show_separator": true
                    },
                    {
                      "name": "r_bl",
                      "value": {
                        "Float": 0.0
                      },
                      "level": "info",
                      "kind": "Generic",
                      "show_name": true,
                      "show_separator": true
                    }
                  ]
                },
                "level": "info",
                "kind": "Generic",
                "show_name": true,
                "show_separator": true
              },
              {
                "name": "color",
                "value": {
                  "Color": {
                    "r": 0,
                    "g": 0,
                    "b": 0,
                    "a": 255
                  }
                },
                "level": "info",
                "kind": "Color",
                "show_name": true,
                "show_separator": true
              },
              {
                "name": "style",
                "value": {
                  "Str": "Fill"
                },
                "level": "info",
                "kind": "Generic",
                "show_name": true,
                "show_separator": true
              }
            ],
            "children": [],
            "level": "info",
            "style": "sparse"
          }
        ],
        "level": "info",
        "style": "sparse"
      }
    ],
    "level": "info",
    "style": "sparse"
  }
}
