---
source: crates/flui-rendering/tests/harness_snapshot.rs
expression: json
---
{
  "name": "Offset",
  "level": "info",
  "properties": {
    "dx": 0,
    "dy": 0
  },
  "children": [
    {
      "name": "Picture",
      "level": "info",
      "properties": {
        "bounds": {"x":0,"y":0,"w":40,"h":40},
        "commands": 1
      },
      "children": [
        {
          "name": "DrawCommand",
          "level": "info",
          "properties": {
            "rect": {"x":0,"y":0,"w":40,"h":40},
            "color": {"r":255,"g":0,"b":0,"a":255},
            "style": "Fill"
          },
          "children": []
        }
      ]
    }
  ]
}
